------------------------------------------------------------
Timing Analyzer Summary
------------------------------------------------------------

Type  : Slow 1200mV 85C Model Setup 'clk'
Slack : -2.467
TNS   : -79.592

Type  : Slow 1200mV 85C Model Hold 'clk'
Slack : 0.308
TNS   : 0.000

Type  : Slow 1200mV 85C Model Recovery 'clk'
Slack : -0.278
TNS   : -3.336

Type  : Slow 1200mV 85C Model Removal 'clk'
Slack : 0.499
TNS   : 0.000

Type  : Slow 1200mV 85C Model Minimum Pulse Width 'clk'
Slack : -3.000
TNS   : -99.740

Type  : Slow 1200mV 0C Model Setup 'clk'
Slack : -2.110
TNS   : -65.100

Type  : Slow 1200mV 0C Model Hold 'clk'
Slack : 0.262
TNS   : 0.000

Type  : Slow 1200mV 0C Model Recovery 'clk'
Slack : -0.148
TNS   : -1.768

Type  : Slow 1200mV 0C Model Removal 'clk'
Slack : 0.433
TNS   : 0.000

Type  : Slow 1200mV 0C Model Minimum Pulse Width 'clk'
Slack : -3.000
TNS   : -99.740

Type  : Fast 1200mV 0C Model Setup 'clk'
Slack : -1.001
TNS   : -19.997

Type  : Fast 1200mV 0C Model Hold 'clk'
Slack : 0.166
TNS   : 0.000

Type  : Fast 1200mV 0C Model Recovery 'clk'
Slack : 0.275
TNS   : 0.000

Type  : Fast 1200mV 0C Model Removal 'clk'
Slack : 0.283
TNS   : 0.000

Type  : Fast 1200mV 0C Model Minimum Pulse Width 'clk'
Slack : -3.000
TNS   : -94.353

------------------------------------------------------------
